// Jest Snapshot v1, https://goo.gl/fbAQLP

exports[`CLI accepts exact file names if matchers matched 1`] = `
"PASS ./bar.spec.js
PASS foo/bar.spec.js

"
`;

exports[`CLI accepts exact file names if matchers matched 2`] = `
"Test Suites: 2 passed, 2 total
Tests:       2 passed, 2 total
Snapshots:   0 total
Time:        <<REPLACED>>
Ran all test suites matching /.\\\\/bar.spec.js|.\\\\/foo\\\\/bar.spec.js/i.
"
`;

exports[`CLI accepts exact file names if matchers matched 3`] = `""`;
