// Jest Snapshot v1, https://goo.gl/fbAQLP

exports[`code coverage for transform instrumented code 1`] = `
Object {
  "covered.js": Object {
    "_coverageSchema": "332fd63041d2c1bcb487cc26dd0d5f7d97098a6c",
    "b": Object {},
    "branchMap": Object {},
    "f": Object {
      "0": 1,
    },
    "fnMap": Object {
      "0": Object {
        "decl": Object {
          "end": Object {
            "column": 36,
            "line": 9,
          },
          "start": Object {
            "column": 26,
            "line": 9,
          },
        },
        "line": 9,
        "loc": Object {
          "end": Object {
            "column": 1,
            "line": 12,
          },
          "start": Object {
            "column": 58,
            "line": 9,
          },
        },
        "name": "doES6Stuff",
      },
    },
    "path": "covered.js",
    "s": Object {
      "0": 1,
      "1": 1,
      "2": 1,
    },
    "statementMap": Object {
      "0": Object {
        "end": Object {
          "column": 2,
          "line": 12,
        },
        "start": Object {
          "column": 0,
          "line": 9,
        },
      },
      "1": Object {
        "end": Object {
          "column": 41,
          "line": 10,
        },
        "start": Object {
          "column": 34,
          "line": 10,
        },
      },
      "2": Object {
        "end": Object {
          "column": 33,
          "line": 11,
        },
        "start": Object {
          "column": 2,
          "line": 11,
        },
      },
    },
  },
}
`;
