// Jest Snapshot v1, https://goo.gl/fbAQLP

exports[`works with custom matchers 1`] = `
"FAIL __tests__/custom_matcher.test.js
  Custom matcher
    ✓ passes
    ✓ fails
    ✕ preserves error stack

  ● Custom matcher › preserves error stack

    qux

      43 |     const bar = () => baz();
      44 |     const baz = () => {
    > 45 |       throw Error('qux');
         |             ^
      46 |     };
      47 | 
      48 |     // This expecation fails due to an error we throw (intentionally)

      at __tests__/custom_matcher.test.js:45:13
      at __tests__/custom_matcher.test.js:43:23
      at __tests__/custom_matcher.test.js:42:23
      at __tests__/custom_matcher.test.js:52:7
      at __tests__/custom_matcher.test.js:11:18
      at __tests__/custom_matcher.test.js:53:8

"
`;
