// Jest Snapshot v1, https://goo.gl/fbAQLP

exports[`Correct BeforeAll run ensures the BeforeAll of ignored suite is not run 1`] = `
  console.log __tests__/beforeAllFiltered.test.js:10
    beforeAll 1

  console.log __tests__/beforeAllFiltered.test.js:13
    beforeEach 1

  console.log __tests__/beforeAllFiltered.test.js:22
    It Foo

  console.log __tests__/beforeAllFiltered.test.js:16
    afterEach 1

  console.log __tests__/beforeAllFiltered.test.js:19
    afterAll 1

`;
