// Jest Snapshot v1, https://goo.gl/fbAQLP

exports[`Correct beforeEach order ensures the correct order for beforeEach 1`] = `
  console.log __tests__/beforeEachQueue.test.js:10
    BeforeEach

  console.log __tests__/beforeEachQueue.test.js:14
    It Foo

  console.log __tests__/beforeEachQueue.test.js:17
    BeforeEach Inline Foo

  console.log __tests__/beforeEachQueue.test.js:10
    BeforeEach

  console.log __tests__/beforeEachQueue.test.js:22
    It Bar

`;
