// Jest Snapshot v1, https://goo.gl/fbAQLP

exports[`Correct BeforeAll run ensures the BeforeAll of ignored suite is not run 1`] = `
  console.log __tests__/beforeAllFiltered.test.js:5
    beforeAll 1

  console.log __tests__/beforeAllFiltered.test.js:8
    beforeEach 1

  console.log __tests__/beforeAllFiltered.test.js:17
    It Foo

  console.log __tests__/beforeAllFiltered.test.js:11
    afterEach 1

  console.log __tests__/beforeAllFiltered.test.js:14
    afterAll 1

`;
