// Jest Snapshot v1, https://goo.gl/fbAQLP

exports[`Correct BeforeAll run ensures the BeforeAll of ignored suite is not run 1`] = `
"  console.log __tests__/before-all-filtered.test.js:3
    beforeAll 1

  console.log __tests__/before-all-filtered.test.js:6
    beforeEach 1

  console.log __tests__/before-all-filtered.test.js:15
    It Foo

  console.log __tests__/before-all-filtered.test.js:9
    afterEach 1

  console.log __tests__/before-all-filtered.test.js:12
    afterAll 1
"
`;
