// Jest Snapshot v1, https://goo.gl/fbAQLP

exports[`Correct beforeEach order ensures the correct order for beforeEach 1`] = `
"  console.log __tests__/before-each-queue.test.js:3
    BeforeEach

  console.log __tests__/before-each-queue.test.js:7
    It Foo

  console.log __tests__/before-each-queue.test.js:10
    BeforeEach Inline Foo

  console.log __tests__/before-each-queue.test.js:3
    BeforeEach

  console.log __tests__/before-each-queue.test.js:15
    It Bar
"
`;
