// Jest Snapshot v1, https://goo.gl/fbAQLP

exports[`handles circular inequality properly 1`] = `
"FAIL __tests__/test-1.js
  ● test

    expect(received).toBe(expected) // Object.is equality

    Expected: 73n
    Received: 42n

      1 | it('test', () => {
    > 2 |   expect(BigInt(42)).toBe(BigInt(73));
        |                      ^
      3 | });

      at Object.toBe (__tests__/test-1.js:2:22)

FAIL __tests__/test-2.js
  ● test

    expect(received).toBe(expected) // Object.is equality

    Expected: 73n
    Received: 42n

      1 | it('test', () => {
    > 2 |   expect(BigInt(42)).toBe(BigInt(73));
        |                      ^
      3 | });

      at Object.toBe (__tests__/test-2.js:2:22)"
`;

exports[`handles circular inequality properly 2`] = `
"Test Suites: 2 failed, 2 total
Tests:       2 failed, 2 total
Snapshots:   0 total
Time:        <<REPLACED>>
Ran all test suites."
`;
