// Jest Snapshot v1, https://goo.gl/fbAQLP

exports[`handles circular inequality properly 1`] = `
"FAIL __tests__/test-1.js
  ● test

    expect(received).toEqual(expected) // deep equality

    - Expected  - 1
    + Received  + 3

    - Object {}
    + Object {
    +   "ref": [Circular],
    + }

      3 |   foo.ref = foo;
      4 |
    > 5 |   expect(foo).toEqual({});
        |               ^
      6 | });

      at Object.toEqual (__tests__/test-1.js:5:15)

FAIL __tests__/test-2.js
  ● test

    expect(received).toEqual(expected) // deep equality

    - Expected  - 1
    + Received  + 3

    - Object {}
    + Object {
    +   "ref": [Circular],
    + }

      3 |   foo.ref = foo;
      4 |
    > 5 |   expect(foo).toEqual({});
        |               ^
      6 | });

      at Object.toEqual (__tests__/test-2.js:5:15)"
`;

exports[`handles circular inequality properly 2`] = `
"Test Suites: 2 failed, 2 total
Tests:       2 failed, 2 total
Snapshots:   0 total
Time:        <<REPLACED>>
Ran all test suites."
`;
