// Jest Snapshot v1, https://goo.gl/fbAQLP

exports[`console printing 1`] = `
"PASS __tests__/console.test.js


  ●  Cannot log after tests are done. Did you forget to wait for something async in your test?
    Attempted to log "hello!".

      10 |   // Named function to have the function be named the same in jasmine and circus
      11 |   new Promise(resolve => setTimeout(resolve, 500)).then(function log() {
    > 12 |     console.log('hello!');
         |             ^
      13 |   });
      14 | });
      15 |"
`;
