// Jest Snapshot v1, https://jestjs.io/docs/snapshot-testing

exports[`produces code coverage for uncovered files without transformer 1`] = `
"---------------------|---------|----------|---------|---------|-------------------
File                 | % Stmts | % Branch | % Funcs | % Lines | Uncovered Line #s 
---------------------|---------|----------|---------|---------|-------------------
All files            |       0 |      100 |       0 |       0 |                   
 some-random-file.js |       0 |      100 |       0 |       0 | 8-10              
---------------------|---------|----------|---------|---------|-------------------"
`;
