// Jest Snapshot v1, https://goo.gl/fbAQLP

exports[`outputs coverage report 1`] = `
----------------|---------|----------|---------|---------|-------------------
File            | % Stmts | % Branch | % Funcs | % Lines | Uncovered Line #s 
----------------|---------|----------|---------|---------|-------------------
All files       |     100 |      100 |     100 |     100 |                   
 add            |     100 |      100 |     100 |     100 |                   
  index.js      |     100 |      100 |     100 |     100 |                   
 mul            |     100 |      100 |     100 |     100 |                   
  other_file.js |     100 |      100 |     100 |     100 |                   
----------------|---------|----------|---------|---------|-------------------
`;
