// Jest Snapshot v1, https://goo.gl/fbAQLP

exports[`code coverage for Handlebars 1`] = `
-----------|---------|----------|---------|---------|-------------------
File       | % Stmts | % Branch | % Funcs | % Lines | Uncovered Line #s 
-----------|---------|----------|---------|---------|-------------------
All files  |      75 |    66.67 |   66.67 |   66.67 |                   
 greet.hbs |      75 |    66.67 |   66.67 |   66.67 | 10                
-----------|---------|----------|---------|---------|-------------------
`;
