// Jest Snapshot v1, https://goo.gl/fbAQLP

exports[`works with custom inline snapshot matchers 1`] = `
FAIL __tests__/asynchronous.test.js
  ✕ new async, inline snapshots
  ✕ mismatching async, inline snapshots

  ● new async, inline snapshots

    expect(received).toMatchInlineSnapshot()

    Snapshot name: \`new async, inline snapshots 1\`

    New snapshot was not written. The update flag must be explicitly passed to write a new snapshot.

    This is likely because this test is run in a continuous integration (CI) environment in which snapshots are not written by default.

    Received: "result #1"

      17 | 
      18 | test('new async, inline snapshots', async () => {
    > 19 |   await expect(async () => 'result #1').toMatchObservationInlineSnapshot();
         |                                         ^
      20 |   await expect(async () => 'result #2').toMatchObservationInlineSnapshot();
      21 | });
      22 | 

      at Object.toMatchObservationInlineSnapshot (__tests__/asynchronous.test.js:19:41)

  ● new async, inline snapshots

    expect(received).toMatchInlineSnapshot()

    Snapshot name: \`new async, inline snapshots 2\`

    New snapshot was not written. The update flag must be explicitly passed to write a new snapshot.

    This is likely because this test is run in a continuous integration (CI) environment in which snapshots are not written by default.

    Received: "result #2"

      18 | test('new async, inline snapshots', async () => {
      19 |   await expect(async () => 'result #1').toMatchObservationInlineSnapshot();
    > 20 |   await expect(async () => 'result #2').toMatchObservationInlineSnapshot();
         |                                         ^
      21 | });
      22 | 
      23 | test('mismatching async, inline snapshots', async () => {

      at Object.toMatchObservationInlineSnapshot (__tests__/asynchronous.test.js:20:41)

  ● mismatching async, inline snapshots

    expect(received).toMatchInlineSnapshot(snapshot)

    Snapshot name: \`mismatching async, inline snapshots 1\`

    Snapshot: "result #?"
    Received: "result #1"

      22 | 
      23 | test('mismatching async, inline snapshots', async () => {
    > 24 |   await expect(async () => 'result #1').toMatchObservationInlineSnapshot(
         |                                         ^
      25 |     \`"result #?"\`,
      26 |   );
      27 |   await expect(async () => 'result #1').toMatchObservationInlineSnapshot(

      at Object.toMatchObservationInlineSnapshot (__tests__/asynchronous.test.js:24:41)

  ● mismatching async, inline snapshots

    expect(received).toMatchInlineSnapshot(snapshot)

    Snapshot name: \`mismatching async, inline snapshots 2\`

    Snapshot: "result #?"
    Received: "result #1"

      25 |     \`"result #?"\`,
      26 |   );
    > 27 |   await expect(async () => 'result #1').toMatchObservationInlineSnapshot(
         |                                         ^
      28 |     \`"result #?"\`,
      29 |   );
      30 | });

      at Object.toMatchObservationInlineSnapshot (__tests__/asynchronous.test.js:27:41)

 › 4 snapshots failed.
Snapshot Summary
 › 4 snapshots failed from 1 test suite. Inspect your code changes or re-run jest with \`-u\` to update them.
`;
