// Jest Snapshot v1, https://goo.gl/fbAQLP

exports[`default reporter prints compact message 1`] = `""`;

exports[`default reporter prints compact message 2`] = `
"FAIL __tests/fail.test.js
  ● failing tests › fails __tests/fail.test.js:13:11
  ● failing tests › fails 2 __tests/fail.test.js:17:11
  ● failing tests › fails 3 __tests/fail.test.js:23:11"
`;
