// Jest Snapshot v1, https://goo.gl/fbAQLP

exports[`error when internal matcher inside a custom matcher fails 1`] = `
"FAIL __tests__/index.test.js
  ✓ should pass
  ✕ internal match should not pass

  ● internal match should not pass

    expected 1 to be equal to 2

      22 |
      23 | it('internal match should not pass', () => {
    > 24 |   expect(1).toPass(2);
         |             ^
      25 | });
      26 |

      at Object.toPass (__tests__/index.test.js:24:13)"
`;
