// Jest Snapshot v1, https://jestjs.io/docs/snapshot-testing

exports[`require + import of the same .cjs inside isolateModulesAsync keep distinct cache slots 1`] = `
"Test Suites: 1 passed, 1 total
Tests:       1 passed, 1 total
Snapshots:   0 total
Time:        <<REPLACED>>
Ran all test suites."
`;
