// Jest Snapshot v1, https://goo.gl/fbAQLP

exports[`multiple configs will throw error 1`] = `
"● Multiple configurations found:

    * <rootDir>/e2e/multiple-configs/jest.config.js
    * <rootDir>/e2e/multiple-configs/jest.config.json
    * \`jest\` key in <rootDir>/e2e/multiple-configs/package.json

  Implicit config resolution does not allow multiple configuration files.
  Either remove unused config files or select one explicitly with \`--config\`.

  Configuration Documentation:
  https://jestjs.io/docs/configuration
"
`;
