// Jest Snapshot v1, https://jestjs.io/docs/snapshot-testing

exports[`falls back to native ESM when a .js dependency contains ESM syntax but has no type:module marker 1`] = `
"Test Suites: 1 passed, 1 total
Tests:       1 passed, 1 total
Snapshots:   0 total
Time:        <<REPLACED>>
Ran all test suites."
`;
