// Jest Snapshot v1, https://goo.gl/fbAQLP

exports[`prints stack trace pointing to process.exit call 1`] = `
"  ●  process.exit called with \\"1\\"

    > 1 | process.exit(1);
        |         ^
      2 | 
      3 | test('something', () => {
      4 |   expect(true).toBe(true);

      at Object.exit (__tests__/test.js:1:9)
"
`;
