// Jest Snapshot v1, https://jestjs.io/docs/snapshot-testing

exports[`throw error if test env does not have getVmContext 1`] = `"Test environment found at "<rootDir>/EnvUsingRunScript.js" does not export a "getVmContext" method, which is mandatory from Jest 27. This method is a replacement for "runScript"."`;
