// Jest Snapshot v1, https://goo.gl/fbAQLP

exports[`works with all statuses 1`] = `
"FAIL __tests__/statuses.test.js
  ✓ passes
  ✕ fails
  ✓ pending failes = passes
  ✕ pending passes = fails
  ○ skipped skips
  ✎ todo todo

  ● fails

    expect(received).toBe(expected) // Object.is equality

    Expected: 101
    Received: 10

      11 |
      12 | it('fails', () => {
    > 13 |   expect(10).toBe(101);
         |              ^
      14 | });
      15 |
      16 | it.skip('skips', () => {

      at Object.toBe (__tests__/statuses.test.js:13:14)

  ● pending passes = fails

    Pending test passed even though it was supposed to fail. Remove \`.pending\` to remove error."
`;
