// Jest Snapshot v1, https://goo.gl/fbAQLP

exports[`exceeds the timeout synchronously 1`] = `
"Test Suites: 1 failed, 1 total
Tests:       1 failed, 1 total
Snapshots:   0 total
Time:        <<REPLACED>>
Ran all test suites.
"
`;

exports[`exceeds the timeout, without reporting expect.assertions 1`] = `
"Test Suites: 1 failed, 1 total
Tests:       1 failed, 1 total
Snapshots:   0 total
Time:        <<REPLACED>>
Ran all test suites.
"
`;
