// Jest Snapshot v1, https://goo.gl/fbAQLP

exports[`instruments and collects coverage for typescript files 1`] = `
------------------------------------------|---------|----------|---------|---------|-------------------
File                                      | % Stmts | % Branch | % Funcs | % Lines | Uncovered Line #s 
------------------------------------------|---------|----------|---------|---------|-------------------
All files                                 |    0.31 |        0 |    1.85 |    1.77 |                   
 typescript-coverage                      |   28.57 |        0 |      50 |   28.57 |                   
  covered.ts                              |     100 |      100 |     100 |     100 |                   
  typescriptPreprocessor.js               |       0 |        0 |       0 |       0 | 8-23              
 typescript-coverage/coverage/lcov-report |       0 |        0 |       0 |       0 |                   
  block-navigation.js                     |       0 |        0 |       0 |       0 | 2-79              
  prettify.js                             |       0 |        0 |       0 |       0 | 2                 
  sorter.js                               |       0 |        0 |       0 |       0 | 2-170             
------------------------------------------|---------|----------|---------|---------|-------------------
`;
