// Jest Snapshot v1, https://goo.gl/fbAQLP

exports[`prints coverage 1`] = `
  console.log __tests__/Thing.test.js:10
    42

----------|---------|----------|---------|---------|-------------------
File      | % Stmts | % Branch | % Funcs | % Lines | Uncovered Line #s 
----------|---------|----------|---------|---------|-------------------
All files |     100 |      100 |     100 |     100 |                   
 Thing.js |     100 |      100 |     100 |     100 |                   
----------|---------|----------|---------|---------|-------------------
`;
