// Jest Snapshot v1, https://goo.gl/fbAQLP

exports[`maps code coverage against original source 1`] = `
Object {
  "covered.ts": Object {
    "_coverageSchema": "332fd63041d2c1bcb487cc26dd0d5f7d97098a6c",
    "b": Object {
      "0": Array [
        1,
        0,
      ],
      "1": Array [
        1,
        0,
      ],
      "2": Array [
        1,
        0,
        0,
      ],
      "3": Array [
        1,
        0,
      ],
    },
    "branchMap": Object {
      "0": Object {
        "line": 4,
        "loc": Object {
          "end": Object {
            "column": 11,
            "line": 6,
          },
          "start": Object {
            "column": 18,
            "line": 4,
          },
        },
        "locations": Array [
          Object {
            "end": Object {
              "column": 11,
              "line": 5,
            },
            "start": Object {
              "column": 10,
              "line": 5,
            },
          },
          Object {
            "end": Object {
              "column": 11,
              "line": 6,
            },
            "start": Object {
              "column": 10,
              "line": 6,
            },
          },
        ],
        "type": "cond-expr",
      },
      "1": Object {
        "line": 7,
        "loc": Object {
          "end": Object {
            "column": 30,
            "line": 7,
          },
          "start": Object {
            "column": 18,
            "line": 7,
          },
        },
        "locations": Array [
          Object {
            "end": Object {
              "column": 26,
              "line": 7,
            },
            "start": Object {
              "column": 25,
              "line": 7,
            },
          },
          Object {
            "end": Object {
              "column": 30,
              "line": 7,
            },
            "start": Object {
              "column": 29,
              "line": 7,
            },
          },
        ],
        "type": "cond-expr",
      },
      "2": Object {
        "line": 8,
        "loc": Object {
          "end": Object {
            "column": 39,
            "line": 8,
          },
          "start": Object {
            "column": 18,
            "line": 8,
          },
        },
        "locations": Array [
          Object {
            "end": Object {
              "column": 22,
              "line": 8,
            },
            "start": Object {
              "column": 18,
              "line": 8,
            },
          },
          Object {
            "end": Object {
              "column": 30,
              "line": 8,
            },
            "start": Object {
              "column": 26,
              "line": 8,
            },
          },
          Object {
            "end": Object {
              "column": 39,
              "line": 8,
            },
            "start": Object {
              "column": 34,
              "line": 8,
            },
          },
        ],
        "type": "binary-expr",
      },
      "3": Object {
        "line": 9,
        "loc": Object {
          "end": Object {
            "column": 79,
            "line": 9,
          },
          "start": Object {
            "column": 13,
            "line": 9,
          },
        },
        "locations": Array [
          Object {
            "end": Object {
              "column": 48,
              "line": 9,
            },
            "start": Object {
              "column": 20,
              "line": 9,
            },
          },
          Object {
            "end": Object {
              "column": 79,
              "line": 9,
            },
            "start": Object {
              "column": 51,
              "line": 9,
            },
          },
        ],
        "type": "cond-expr",
      },
    },
    "f": Object {
      "0": 1,
      "1": 0,
      "2": 0,
    },
    "fnMap": Object {
      "0": Object {
        "decl": Object {
          "end": Object {
            "column": 36,
            "line": 3,
          },
          "start": Object {
            "column": 26,
            "line": 3,
          },
        },
        "line": 3,
        "loc": Object {
          "end": Object {
            "column": 1,
            "line": 11,
          },
          "start": Object {
            "column": 43,
            "line": 3,
          },
        },
        "name": "difference",
      },
      "1": Object {
        "decl": Object {
          "end": Object {
            "column": 21,
            "line": 9,
          },
          "start": Object {
            "column": 20,
            "line": 9,
          },
        },
        "line": 9,
        "loc": Object {
          "end": Object {
            "column": 48,
            "line": 9,
          },
          "start": Object {
            "column": 32,
            "line": 9,
          },
        },
        "name": "(anonymous_1)",
      },
      "2": Object {
        "decl": Object {
          "end": Object {
            "column": 52,
            "line": 9,
          },
          "start": Object {
            "column": 51,
            "line": 9,
          },
        },
        "line": 9,
        "loc": Object {
          "end": Object {
            "column": 79,
            "line": 9,
          },
          "start": Object {
            "column": 63,
            "line": 9,
          },
        },
        "name": "(anonymous_2)",
      },
    },
    "hash": "f56382a5ec7546586a4696d1177399c83a03174e",
    "path": "covered.ts",
    "s": Object {
      "0": 1,
      "1": 1,
      "2": 1,
      "3": 1,
      "4": 1,
      "5": 0,
      "6": 0,
      "7": 1,
    },
    "statementMap": Object {
      "0": Object {
        "end": Object {
          "column": 2,
          "line": 11,
        },
        "start": Object {
          "column": 0,
          "line": 3,
        },
      },
      "1": Object {
        "end": Object {
          "column": 11,
          "line": 6,
        },
        "start": Object {
          "column": 18,
          "line": 4,
        },
      },
      "2": Object {
        "end": Object {
          "column": 30,
          "line": 7,
        },
        "start": Object {
          "column": 18,
          "line": 7,
        },
      },
      "3": Object {
        "end": Object {
          "column": 39,
          "line": 8,
        },
        "start": Object {
          "column": 18,
          "line": 8,
        },
      },
      "4": Object {
        "end": Object {
          "column": 79,
          "line": 9,
        },
        "start": Object {
          "column": 13,
          "line": 9,
        },
      },
      "5": Object {
        "end": Object {
          "column": 46,
          "line": 9,
        },
        "start": Object {
          "column": 34,
          "line": 9,
        },
      },
      "6": Object {
        "end": Object {
          "column": 77,
          "line": 9,
        },
        "start": Object {
          "column": 65,
          "line": 9,
        },
      },
      "7": Object {
        "end": Object {
          "column": 17,
          "line": 10,
        },
        "start": Object {
          "column": 4,
          "line": 10,
        },
      },
    },
  },
}
`;
