exports[`test collects coverage only from specified files 1`] = `
"----------|----------|----------|----------|----------|----------------|
File      |  % Stmts | % Branch |  % Funcs |  % Lines |Uncovered Lines |
----------|----------|----------|----------|----------|----------------|
All files |      100 |      100 |      100 |      100 |                |
 setup.js |      100 |      100 |      100 |      100 |                |
----------|----------|----------|----------|----------|----------------|
"
`;

exports[`test json reporter printing with --coverage 1`] = `
"Coverage Summary (add \"text\" to the \"coverageReporters\" setting to receive a full report)
 › Statements: 100%
 › Branches: 100%
 › Lines: 100%
 › Functions: 100%
"
`;

exports[`test outputs coverage report 1`] = `
"-------------------------------|----------|----------|----------|----------|----------------|
File                           |  % Stmts | % Branch |  % Funcs |  % Lines |Uncovered Lines |
-------------------------------|----------|----------|----------|----------|----------------|
All files                      |    45.45 |        0 |       50 |    45.45 |                |
 not-required-in-test-suite.js |        0 |        0 |        0 |        0 | 10,17,21,22,24 |
 other-file.js                 |      100 |      100 |      100 |      100 |                |
 sum.js                        |      100 |      100 |      100 |      100 |                |
 sum_dependency.js             |        0 |      100 |      100 |        0 |             10 |
-------------------------------|----------|----------|----------|----------|----------------|
"
`;
