// Jest Snapshot v1, https://goo.gl/fbAQLP

exports[`Custom matcher preserves error stack 1`] = `
"
    </> <gray> 55 | </>    <cyan>const</> bar <yellow>=</> () <yellow>=></> baz()<yellow>;</></>
    </> <gray> 56 | </>    <cyan>const</> baz <yellow>=</> () <yellow>=></> {</>
    </><red><bold>></></><gray> 57 | </>      <cyan>throw</> <yellow>Error</>(<green>'qux'</>)<yellow>;</></>
    </> <gray> 58 | </>    }<yellow>;</></>
    </> <gray> 59 | </></>
    </> <gray> 60 | </>    <cyan>try</> {</>
      Error: qux
      <dim>at baz (</>integration_tests/__tests__/custom_matcher.test.js<dim>:57:13)</>
      <dim>at bar (</>integration_tests/__tests__/custom_matcher.test.js<dim>:55:23)</>
      <dim>at foo (</>integration_tests/__tests__/custom_matcher.test.js<dim>:54:23)</>
      <dim>at expect (</>integration_tests/__tests__/custom_matcher.test.js<dim>:62:9)</>
      <dim>at Object.toCustomMatch (</>integration_tests/__tests__/custom_matcher.test.js<dim>:20:18)</>
      <dim>at Object.it (</>integration_tests/__tests__/custom_matcher.test.js<dim>:63:10)</>"
`;
