// Jest Snapshot v1, https://goo.gl/fbAQLP

exports[`moduleNameMapper correct configuration 1`] = `
" PASS  __tests__/index.js
  ✓ moduleNameMapping correct configuration

"
`;

exports[`moduleNameMapper wrong configuration 1`] = `
" FAIL  __tests__/index.js
  ● Test suite failed to run

    Configuration error:
    
    Unknown module in configuration option moduleNameMapper
    Please check: /\\\\.(css|less)$/: no-such-module
    
      Configuration error:
      
      Unknown module in configuration option moduleNameMapper
      Please check: /\\\\.(css|less)$/: no-such-module
      

"
`;
