// Jest Snapshot v1, https://goo.gl/fbAQLP

exports[`--showConfig outputs config info and exits 1`] = `
"{
  \\"configs\\": [
    {
      \\"automock\\": false,
      \\"browser\\": false,
      \\"cache\\": false,
      \\"cacheDirectory\\": \\"/tmp/jest\\",
      \\"clearMocks\\": false,
      \\"coveragePathIgnorePatterns\\": [
        \\"/node_modules/\\"
      ],
      \\"globals\\": {},
      \\"haste\\": {
        \\"providesModuleNodeModules\\": []
      },
      \\"moduleDirectories\\": [
        \\"node_modules\\"
      ],
      \\"moduleFileExtensions\\": [
        \\"js\\",
        \\"json\\",
        \\"jsx\\",
        \\"node\\"
      ],
      \\"moduleNameMapper\\": {},
      \\"modulePathIgnorePatterns\\": [],
      \\"name\\": \\"[md5 hash]\\",
      \\"resetMocks\\": false,
      \\"resetModules\\": false,
      \\"rootDir\\": \\"<<REPLACED_ROOT_DIR>>\\",
      \\"roots\\": [
        \\"<<REPLACED_ROOT_DIR>>\\"
      ],
      \\"runner\\": \\"jest-runner\\",
      \\"setupFiles\\": [],
      \\"snapshotSerializers\\": [],
      \\"testEnvironment\\": \\"jest-environment-jsdom\\",
      \\"testMatch\\": [
        \\"**/__tests__/**/*.js?(x)\\",
        \\"**/?(*.)(spec|test).js?(x)\\"
      ],
      \\"testPathIgnorePatterns\\": [
        \\"/node_modules/\\"
      ],
      \\"testRegex\\": \\"\\",
      \\"testRunner\\": \\"<<REPLACED_JEST_PACKAGES_DIR>>/jest-jasmine2/build/index.js\\",
      \\"testURL\\": \\"about:blank\\",
      \\"timers\\": \\"real\\",
      \\"transformIgnorePatterns\\": [
        \\"/node_modules/\\"
      ],
      \\"watchPathIgnorePatterns\\": []
    }
  ],
  \\"globalConfig\\": {
    \\"bail\\": false,
    \\"changedFilesWithAncestor\\": false,
    \\"coverageDirectory\\": \\"<<REPLACED_ROOT_DIR>>/coverage\\",
    \\"coverageReporters\\": [
      \\"json\\",
      \\"text\\",
      \\"lcov\\",
      \\"clover\\"
    ],
    \\"expand\\": false,
    \\"followSymlinks\\": false,
    \\"listTests\\": false,
    \\"mapCoverage\\": false,
    \\"maxWorkers\\": \\"[maxWorkers]\\",
    \\"noStackTrace\\": false,
    \\"nonFlagArgs\\": [],
    \\"notify\\": false,
    \\"rootDir\\": \\"<<REPLACED_ROOT_DIR>>\\",
    \\"testFailureExitCode\\": 1,
    \\"testPathPattern\\": \\"\\",
    \\"testResultsProcessor\\": null,
    \\"updateSnapshot\\": \\"all\\",
    \\"useStderr\\": false,
    \\"verbose\\": null,
    \\"watch\\": false,
    \\"watchman\\": true
  },
  \\"version\\": \\"[version]\\"
}
"
`;
